RAM Allocation [bytes]
Variable                                                                          Address   Size
------------------------------------------------------------------------------------------------

EEPROM Allocation [bytes]
Variable                                                                          Address   Size
------------------------------------------------------------------------------------------------

Register Allocation
Variable                                                                          Register  Size
------------------------------------------------------------------------------------------------
Send_Add                                                                          R5           1
Receive_Add                                                                       R4           1
Salt_Add                                                                          R7           1
score                                                                             R8,R9        2
dem                                                                               R10,R11      2
rc                                                                                R12,R13      2

FLASH Allocation [words]
Function                                                                          Address   Size
------------------------------------------------------------------------------------------------
SPI_Write                                                                         0x00045     32
RF_Command                                                                        0x00065      4
RF_Write_Add                                                                      0x0006E     15
TX_Address                                                                        0x0007D     13
Common_Config                                                                     0x0008A     36
Common_Init                                                                       0x000AE      8
TX_Mode                                                                           0x000B6      6
TX_Config                                                                         0x000BC      6
TX_Send                                                                           0x000C2     25
timer0_interrput                                                                  0x000DB     27
main                                                                              0x000F6     46
