RAM Allocation [bytes]
Variable                                                                          Address   Size
------------------------------------------------------------------------------------------------

EEPROM Allocation [bytes]
Variable                                                                          Address   Size
------------------------------------------------------------------------------------------------

Register Allocation
Variable                                                                          Register  Size
------------------------------------------------------------------------------------------------
Send_Add                                                                          R5           1
Receive_Add                                                                       R4           1
Salt_Add                                                                          R7           1
score                                                                             R8,R9        2
dem                                                                               R10,R11      2
rc                                                                                R12,R13      2

FLASH Allocation [words]
Function                                                                          Address   Size
------------------------------------------------------------------------------------------------
SPI_Write                                                                         0x00045     32
RF_Command                                                                        0x00065      3
RF_Write                                                                          0x00068      4
RF_Write_Add                                                                      0x0006C      9
TX_Address                                                                        0x00075     12
Common_Config                                                                     0x00081     36
Common_Init                                                                       0x000A5      8
TX_Mode                                                                           0x000AD      6
TX_Config                                                                         0x000B3      6
TX_Send                                                                           0x000B9     25
timer0_interrput                                                                  0x000D2     27
main                                                                              0x000ED     61
